[2026-09-07 02:47:24] ========================================
[2026-09-07 02:47:24] AUTOLAB SUPERVISOR
[2026-09-07 02:47:24] Duration: 0.05 hours
[2026-09-07 02:47:24] Deadline: 2026-09-07 02:50:24.468408
[2026-09-07 02:47:24] Session dir: C:\Users\lauve\Desktop\vd\autolab\results\session_logs\20260907_024724
[2026-09-07 02:47:24] ========================================
[2026-09-07 02:47:24] Checkpoint: AutoLab before autonomous session
[2026-09-07 02:47:24] ----------------------------------------
[2026-09-07 02:47:24] CYCLE 1
[2026-09-07 02:47:24] Remaining: 0.05h
[2026-09-07 02:47:24] Launching Agent cycle 1
[2026-09-07 02:47:24] Output: C:\Users\lauve\Desktop\vd\autolab\results\session_logs\20260907_024724\agent_001.log
[2026-09-07 02:47:24] Agent binary: C:\Users\lauve\AppData\Local\cursor-agent\agent.CMD
[2026-09-07 02:47:24] Agent PID: 10572
[2026-09-07 02:47:24] Heartbeat: cycle=1, runtime=0.0m, idle=0.0m
[2026-09-07 02:47:29] Agent output activity: 41 bytes
[2026-09-07 02:47:31] Agent exited: code=1, duration=6.3s
[2026-09-07 02:47:31] CYCLE 1 RESULT: FAILED
[2026-09-07 02:47:31] Checkpoint: AutoLab cycle 1
[2026-09-07 02:47:31] Restarting in 5s
[2026-09-07 02:47:36] ----------------------------------------
[2026-09-07 02:47:36] CYCLE 2
[2026-09-07 02:47:36] Remaining: 0.05h
[2026-09-07 02:47:36] Launching Agent cycle 2
[2026-09-07 02:47:36] Output: C:\Users\lauve\Desktop\vd\autolab\results\session_logs\20260907_024724\agent_002.log
[2026-09-07 02:47:36] Agent binary: C:\Users\lauve\AppData\Local\cursor-agent\agent.CMD
[2026-09-07 02:47:36] Agent PID: 12684
[2026-09-07 02:47:36] Heartbeat: cycle=2, runtime=0.0m, idle=0.0m
[2026-09-07 02:47:40] Agent output activity: 41 bytes
[2026-09-07 02:47:40] Agent exited: code=1, duration=4.2s
[2026-09-07 02:47:40] CYCLE 2 RESULT: FAILED
