[2026-09-07 02:56:02] ========================================
[2026-09-07 02:56:02] AUTOLAB SUPERVISOR
[2026-09-07 02:56:02] Duration: 6.0 hours
[2026-09-07 02:56:02] Deadline: 2026-09-07 08:56:02.164311
[2026-09-07 02:56:02] Session dir: C:\Users\lauve\Desktop\vd\autolab\results\session_logs\20260907_025602
[2026-09-07 02:56:02] ========================================
[2026-09-07 02:56:02] Checkpoint: AutoLab before autonomous session
[2026-09-07 02:56:02] ----------------------------------------
[2026-09-07 02:56:02] CYCLE 1
[2026-09-07 02:56:02] Remaining: 6.00h
[2026-09-07 02:56:02] Launching Agent cycle 1
[2026-09-07 02:56:02] Output: C:\Users\lauve\Desktop\vd\autolab\results\session_logs\20260907_025602\agent_001.log
[2026-09-07 02:56:02] Prompt file: C:\Users\lauve\Desktop\vd\autolab\results\session_logs\20260907_025602\prompt_001.txt
[2026-09-07 02:56:02] Agent binary: C:\Users\lauve\AppData\Local\cursor-agent\versions\2026.09.02-c22c1a3\node.exe C:\Users\lauve\AppData\Local\cursor-agent\versions\2026.09.02-c22c1a3\index.js
[2026-09-07 02:56:02] Agent PID: 2292
[2026-09-07 02:56:02] Heartbeat: cycle=1, runtime=0.0m, idle=0.0m
[2026-09-07 02:57:02] Heartbeat: cycle=1, runtime=1.0m, idle=1.0m
[2026-09-07 02:58:02] Heartbeat: cycle=1, runtime=2.0m, idle=2.0m
[2026-09-07 02:59:02] Heartbeat: cycle=1, runtime=3.0m, idle=3.0m
[2026-09-07 02:59:06] REAL FILE ACTIVITY detected.
[2026-09-07 02:59:33] REAL FILE ACTIVITY detected.
[2026-09-07 02:59:54] REAL FILE ACTIVITY detected.
[2026-09-07 03:00:02] Heartbeat: cycle=1, runtime=4.0m, idle=0.1m
[2026-09-07 03:00:06] REAL FILE ACTIVITY detected.
[2026-09-07 03:00:15] REAL FILE ACTIVITY detected.
[2026-09-07 03:00:21] REAL FILE ACTIVITY detected.
[2026-09-07 03:00:23] REAL FILE ACTIVITY detected.
[2026-09-07 03:00:25] REAL FILE ACTIVITY detected.
[2026-09-07 03:00:28] REAL FILE ACTIVITY detected.
[2026-09-07 03:00:30] REAL FILE ACTIVITY detected.
[2026-09-07 03:00:32] REAL FILE ACTIVITY detected.
[2026-09-07 03:00:34] REAL FILE ACTIVITY detected.
[2026-09-07 03:00:36] REAL FILE ACTIVITY detected.
[2026-09-07 03:00:38] REAL FILE ACTIVITY detected.
[2026-09-07 03:00:41] REAL FILE ACTIVITY detected.
[2026-09-07 03:00:43] REAL FILE ACTIVITY detected.
[2026-09-07 03:00:46] REAL FILE ACTIVITY detected.
[2026-09-07 03:00:48] REAL FILE ACTIVITY detected.
[2026-09-07 03:00:50] REAL FILE ACTIVITY detected.
[2026-09-07 03:00:52] REAL FILE ACTIVITY detected.
[2026-09-07 03:00:55] REAL FILE ACTIVITY detected.
[2026-09-07 03:00:57] REAL FILE ACTIVITY detected.
[2026-09-07 03:00:59] REAL FILE ACTIVITY detected.
[2026-09-07 03:01:01] REAL FILE ACTIVITY detected.
[2026-09-07 03:01:04] REAL FILE ACTIVITY detected.
[2026-09-07 03:01:04] Heartbeat: cycle=1, runtime=5.0m, idle=0.0m
[2026-09-07 03:01:06] REAL FILE ACTIVITY detected.
[2026-09-07 03:01:08] REAL FILE ACTIVITY detected.
[2026-09-07 03:01:10] REAL FILE ACTIVITY detected.
[2026-09-07 03:01:13] REAL FILE ACTIVITY detected.
[2026-09-07 03:01:15] REAL FILE ACTIVITY detected.
[2026-09-07 03:01:17] REAL FILE ACTIVITY detected.
[2026-09-07 03:01:19] REAL FILE ACTIVITY detected.
[2026-09-07 03:01:21] REAL FILE ACTIVITY detected.
[2026-09-07 03:01:23] REAL FILE ACTIVITY detected.
[2026-09-07 03:01:26] REAL FILE ACTIVITY detected.
[2026-09-07 03:01:28] REAL FILE ACTIVITY detected.
[2026-09-07 03:01:30] REAL FILE ACTIVITY detected.
[2026-09-07 03:01:32] REAL FILE ACTIVITY detected.
[2026-09-07 03:01:35] REAL FILE ACTIVITY detected.
[2026-09-07 03:01:37] REAL FILE ACTIVITY detected.
[2026-09-07 03:01:40] REAL FILE ACTIVITY detected.
[2026-09-07 03:01:42] REAL FILE ACTIVITY detected.
[2026-09-07 03:01:44] REAL FILE ACTIVITY detected.
[2026-09-07 03:01:46] REAL FILE ACTIVITY detected.
[2026-09-07 03:01:49] REAL FILE ACTIVITY detected.
[2026-09-07 03:01:51] REAL FILE ACTIVITY detected.
[2026-09-07 03:01:53] REAL FILE ACTIVITY detected.
[2026-09-07 03:01:55] REAL FILE ACTIVITY detected.
[2026-09-07 03:01:57] REAL FILE ACTIVITY detected.
[2026-09-07 03:02:04] Heartbeat: cycle=1, runtime=6.0m, idle=0.1m
[2026-09-07 03:02:26] REAL FILE ACTIVITY detected.
[2026-09-07 03:02:31] REAL FILE ACTIVITY detected.
[2026-09-07 03:02:45] REAL FILE ACTIVITY detected.
[2026-09-07 03:02:47] REAL FILE ACTIVITY detected.
[2026-09-07 03:03:04] Heartbeat: cycle=1, runtime=7.0m, idle=0.3m
[2026-09-07 03:03:08] REAL FILE ACTIVITY detected.
[2026-09-07 03:03:21] REAL FILE ACTIVITY detected.
[2026-09-07 03:03:31] REAL FILE ACTIVITY detected.
[2026-09-07 03:03:37] REAL FILE ACTIVITY detected.
[2026-09-07 03:03:48] Agent output activity: 1531 bytes
[2026-09-07 03:03:48] Agent exited: code=0, duration=465.5s
[2026-09-07 03:03:48] CYCLE 1 RESULT: SUCCESS
[2026-09-07 03:03:48] Checkpoint: AutoLab cycle 1
[2026-09-07 03:03:48] Restarting in 5s
[2026-09-07 03:03:53] ----------------------------------------
[2026-09-07 03:03:53] CYCLE 2
[2026-09-07 03:03:53] Remaining: 5.87h
[2026-09-07 03:03:53] Launching Agent cycle 2
[2026-09-07 03:03:53] Output: C:\Users\lauve\Desktop\vd\autolab\results\session_logs\20260907_025602\agent_002.log
[2026-09-07 03:03:53] Prompt file: C:\Users\lauve\Desktop\vd\autolab\results\session_logs\20260907_025602\prompt_002.txt
[2026-09-07 03:03:53] Agent binary: C:\Users\lauve\AppData\Local\cursor-agent\versions\2026.09.02-c22c1a3\node.exe C:\Users\lauve\AppData\Local\cursor-agent\versions\2026.09.02-c22c1a3\index.js
[2026-09-07 03:03:53] Agent PID: 15768
[2026-09-07 03:03:53] Heartbeat: cycle=2, runtime=0.0m, idle=0.0m
[2026-09-07 03:04:54] Heartbeat: cycle=2, runtime=1.0m, idle=1.0m
[2026-09-07 03:05:29] REAL FILE ACTIVITY detected.
[2026-09-07 03:05:42] REAL FILE ACTIVITY detected.
[2026-09-07 03:05:46] REAL FILE ACTIVITY detected.
[2026-09-07 03:05:48] REAL FILE ACTIVITY detected.
[2026-09-07 03:05:54] Heartbeat: cycle=2, runtime=2.0m, idle=0.1m
[2026-09-07 03:06:19] REAL FILE ACTIVITY detected.
[2026-09-07 03:06:46] REAL FILE ACTIVITY detected.
[2026-09-07 03:06:50] REAL FILE ACTIVITY detected.
[2026-09-07 03:06:53] REAL FILE ACTIVITY detected.
[2026-09-07 03:06:55] REAL FILE ACTIVITY detected.
[2026-09-07 03:06:55] Heartbeat: cycle=2, runtime=3.0m, idle=0.0m
[2026-09-07 03:06:59] REAL FILE ACTIVITY detected.
[2026-09-07 03:07:01] REAL FILE ACTIVITY detected.
[2026-09-07 03:07:03] REAL FILE ACTIVITY detected.
[2026-09-07 03:07:05] REAL FILE ACTIVITY detected.
[2026-09-07 03:07:07] REAL FILE ACTIVITY detected.
[2026-09-07 03:07:12] REAL FILE ACTIVITY detected.
[2026-09-07 03:07:14] REAL FILE ACTIVITY detected.
[2026-09-07 03:07:16] REAL FILE ACTIVITY detected.
[2026-09-07 03:07:20] REAL FILE ACTIVITY detected.
[2026-09-07 03:07:23] REAL FILE ACTIVITY detected.
[2026-09-07 03:07:25] REAL FILE ACTIVITY detected.
[2026-09-07 03:07:27] REAL FILE ACTIVITY detected.
[2026-09-07 03:07:29] REAL FILE ACTIVITY detected.
[2026-09-07 03:07:32] REAL FILE ACTIVITY detected.
[2026-09-07 03:07:34] REAL FILE ACTIVITY detected.
[2026-09-07 03:07:36] REAL FILE ACTIVITY detected.
[2026-09-07 03:07:38] REAL FILE ACTIVITY detected.
[2026-09-07 03:07:41] REAL FILE ACTIVITY detected.
[2026-09-07 03:07:43] REAL FILE ACTIVITY detected.
[2026-09-07 03:07:45] REAL FILE ACTIVITY detected.
[2026-09-07 03:07:48] REAL FILE ACTIVITY detected.
[2026-09-07 03:07:50] REAL FILE ACTIVITY detected.
[2026-09-07 03:07:52] REAL FILE ACTIVITY detected.
[2026-09-07 03:07:54] REAL FILE ACTIVITY detected.
[2026-09-07 03:07:54] Heartbeat: cycle=2, runtime=4.0m, idle=0.0m
[2026-09-07 03:07:56] REAL FILE ACTIVITY detected.
[2026-09-07 03:07:59] REAL FILE ACTIVITY detected.
[2026-09-07 03:08:01] REAL FILE ACTIVITY detected.
[2026-09-07 03:08:03] REAL FILE ACTIVITY detected.
[2026-09-07 03:08:06] REAL FILE ACTIVITY detected.
[2026-09-07 03:08:08] REAL FILE ACTIVITY detected.
[2026-09-07 03:08:10] REAL FILE ACTIVITY detected.
[2026-09-07 03:08:12] REAL FILE ACTIVITY detected.
[2026-09-07 03:08:14] REAL FILE ACTIVITY detected.
[2026-09-07 03:08:16] REAL FILE ACTIVITY detected.
[2026-09-07 03:08:19] REAL FILE ACTIVITY detected.
[2026-09-07 03:08:21] REAL FILE ACTIVITY detected.
[2026-09-07 03:08:23] REAL FILE ACTIVITY detected.
[2026-09-07 03:08:25] REAL FILE ACTIVITY detected.
[2026-09-07 03:08:27] REAL FILE ACTIVITY detected.
[2026-09-07 03:08:30] REAL FILE ACTIVITY detected.
[2026-09-07 03:08:32] REAL FILE ACTIVITY detected.
[2026-09-07 03:08:34] REAL FILE ACTIVITY detected.
[2026-09-07 03:08:37] REAL FILE ACTIVITY detected.
[2026-09-07 03:08:39] REAL FILE ACTIVITY detected.
[2026-09-07 03:08:42] REAL FILE ACTIVITY detected.
[2026-09-07 03:08:44] REAL FILE ACTIVITY detected.
[2026-09-07 03:08:46] REAL FILE ACTIVITY detected.
[2026-09-07 03:08:48] REAL FILE ACTIVITY detected.
[2026-09-07 03:08:51] REAL FILE ACTIVITY detected.
[2026-09-07 03:08:53] REAL FILE ACTIVITY detected.
[2026-09-07 03:08:55] REAL FILE ACTIVITY detected.
[2026-09-07 03:08:55] Heartbeat: cycle=2, runtime=5.0m, idle=0.0m
[2026-09-07 03:08:58] REAL FILE ACTIVITY detected.
[2026-09-07 03:09:00] REAL FILE ACTIVITY detected.
[2026-09-07 03:09:54] Heartbeat: cycle=2, runtime=6.0m, idle=0.9m
[2026-09-07 03:10:13] REAL FILE ACTIVITY detected.
[2026-09-07 03:10:32] REAL FILE ACTIVITY detected.
[2026-09-07 03:10:40] REAL FILE ACTIVITY detected.
[2026-09-07 03:10:42] REAL FILE ACTIVITY detected.
[2026-09-07 03:10:44] REAL FILE ACTIVITY detected.
[2026-09-07 03:10:47] REAL FILE ACTIVITY detected.
[2026-09-07 03:10:49] REAL FILE ACTIVITY detected.
[2026-09-07 03:10:51] REAL FILE ACTIVITY detected.
[2026-09-07 03:10:53] REAL FILE ACTIVITY detected.
[2026-09-07 03:10:55] REAL FILE ACTIVITY detected.
[2026-09-07 03:10:55] Heartbeat: cycle=2, runtime=7.0m, idle=0.0m
[2026-09-07 03:10:58] REAL FILE ACTIVITY detected.
[2026-09-07 03:11:00] REAL FILE ACTIVITY detected.
[2026-09-07 03:11:03] REAL FILE ACTIVITY detected.
[2026-09-07 03:11:05] REAL FILE ACTIVITY detected.
[2026-09-07 03:11:08] REAL FILE ACTIVITY detected.
[2026-09-07 03:11:10] REAL FILE ACTIVITY detected.
[2026-09-07 03:11:12] REAL FILE ACTIVITY detected.
[2026-09-07 03:11:15] REAL FILE ACTIVITY detected.
[2026-09-07 03:11:17] REAL FILE ACTIVITY detected.
[2026-09-07 03:11:19] REAL FILE ACTIVITY detected.
[2026-09-07 03:11:21] REAL FILE ACTIVITY detected.
[2026-09-07 03:11:24] REAL FILE ACTIVITY detected.
[2026-09-07 03:11:26] REAL FILE ACTIVITY detected.
[2026-09-07 03:11:28] REAL FILE ACTIVITY detected.
[2026-09-07 03:11:31] REAL FILE ACTIVITY detected.
[2026-09-07 03:11:33] REAL FILE ACTIVITY detected.
[2026-09-07 03:11:35] REAL FILE ACTIVITY detected.
[2026-09-07 03:11:37] REAL FILE ACTIVITY detected.
[2026-09-07 03:11:39] REAL FILE ACTIVITY detected.
[2026-09-07 03:11:42] REAL FILE ACTIVITY detected.
[2026-09-07 03:11:44] REAL FILE ACTIVITY detected.
[2026-09-07 03:11:46] REAL FILE ACTIVITY detected.
[2026-09-07 03:11:48] REAL FILE ACTIVITY detected.
[2026-09-07 03:11:51] REAL FILE ACTIVITY detected.
[2026-09-07 03:11:53] REAL FILE ACTIVITY detected.
[2026-09-07 03:11:56] REAL FILE ACTIVITY detected.
[2026-09-07 03:11:56] Heartbeat: cycle=2, runtime=8.0m, idle=0.0m
[2026-09-07 03:11:58] REAL FILE ACTIVITY detected.
[2026-09-07 03:12:00] REAL FILE ACTIVITY detected.
[2026-09-07 03:12:03] REAL FILE ACTIVITY detected.
[2026-09-07 03:12:05] REAL FILE ACTIVITY detected.
[2026-09-07 03:12:07] REAL FILE ACTIVITY detected.
[2026-09-07 03:12:10] REAL FILE ACTIVITY detected.
[2026-09-07 03:12:12] REAL FILE ACTIVITY detected.
[2026-09-07 03:12:14] REAL FILE ACTIVITY detected.
[2026-09-07 03:12:16] REAL FILE ACTIVITY detected.
[2026-09-07 03:12:31] REAL FILE ACTIVITY detected.
[2026-09-07 03:12:54] REAL FILE ACTIVITY detected.
[2026-09-07 03:12:54] Heartbeat: cycle=2, runtime=9.0m, idle=0.0m
[2026-09-07 03:12:56] REAL FILE ACTIVITY detected.
[2026-09-07 03:13:04] Agent output activity: 1991 bytes
[2026-09-07 03:13:13] Agent exited: code=0, duration=559.7s
[2026-09-07 03:13:13] CYCLE 2 RESULT: SUCCESS
[2026-09-07 03:13:13] Checkpoint: AutoLab cycle 2
[2026-09-07 03:13:13] Restarting in 5s
[2026-09-07 03:13:18] ----------------------------------------
[2026-09-07 03:13:18] CYCLE 3
[2026-09-07 03:13:18] Remaining: 5.71h
[2026-09-07 03:13:18] Launching Agent cycle 3
[2026-09-07 03:13:18] Output: C:\Users\lauve\Desktop\vd\autolab\results\session_logs\20260907_025602\agent_003.log
[2026-09-07 03:13:18] Prompt file: C:\Users\lauve\Desktop\vd\autolab\results\session_logs\20260907_025602\prompt_003.txt
[2026-09-07 03:13:18] Agent binary: C:\Users\lauve\AppData\Local\cursor-agent\versions\2026.09.02-c22c1a3\node.exe C:\Users\lauve\AppData\Local\cursor-agent\versions\2026.09.02-c22c1a3\index.js
[2026-09-07 03:13:18] Agent PID: 10560
[2026-09-07 03:13:18] Heartbeat: cycle=3, runtime=0.0m, idle=0.0m
[2026-09-07 03:14:19] Heartbeat: cycle=3, runtime=1.0m, idle=1.0m
[2026-09-07 03:15:08] REAL FILE ACTIVITY detected.
[2026-09-07 03:15:20] Heartbeat: cycle=3, runtime=2.0m, idle=0.2m
[2026-09-07 03:15:29] REAL FILE ACTIVITY detected.
[2026-09-07 03:15:41] REAL FILE ACTIVITY detected.
[2026-09-07 03:15:43] REAL FILE ACTIVITY detected.
[2026-09-07 03:15:46] REAL FILE ACTIVITY detected.
[2026-09-07 03:15:50] REAL FILE ACTIVITY detected.
[2026-09-07 03:16:19] REAL FILE ACTIVITY detected.
[2026-09-07 03:16:19] Heartbeat: cycle=3, runtime=3.0m, idle=0.0m
[2026-09-07 03:16:21] REAL FILE ACTIVITY detected.
[2026-09-07 03:16:42] REAL FILE ACTIVITY detected.
[2026-09-07 03:16:45] REAL FILE ACTIVITY detected.
[2026-09-07 03:16:47] REAL FILE ACTIVITY detected.
[2026-09-07 03:16:49] REAL FILE ACTIVITY detected.
[2026-09-07 03:16:51] REAL FILE ACTIVITY detected.
[2026-09-07 03:16:54] REAL FILE ACTIVITY detected.
[2026-09-07 03:16:56] REAL FILE ACTIVITY detected.
[2026-09-07 03:16:58] REAL FILE ACTIVITY detected.
[2026-09-07 03:17:00] REAL FILE ACTIVITY detected.
[2026-09-07 03:17:02] REAL FILE ACTIVITY detected.
[2026-09-07 03:17:05] REAL FILE ACTIVITY detected.
[2026-09-07 03:17:07] REAL FILE ACTIVITY detected.
[2026-09-07 03:17:10] REAL FILE ACTIVITY detected.
[2026-09-07 03:17:12] REAL FILE ACTIVITY detected.
[2026-09-07 03:17:14] REAL FILE ACTIVITY detected.
[2026-09-07 03:17:16] REAL FILE ACTIVITY detected.
[2026-09-07 03:17:19] REAL FILE ACTIVITY detected.
[2026-09-07 03:17:19] Heartbeat: cycle=3, runtime=4.0m, idle=0.0m
[2026-09-07 03:17:21] REAL FILE ACTIVITY detected.
[2026-09-07 03:17:23] REAL FILE ACTIVITY detected.
[2026-09-07 03:17:26] REAL FILE ACTIVITY detected.
[2026-09-07 03:17:28] REAL FILE ACTIVITY detected.
[2026-09-07 03:17:30] REAL FILE ACTIVITY detected.
[2026-09-07 03:17:32] REAL FILE ACTIVITY detected.
[2026-09-07 03:17:35] REAL FILE ACTIVITY detected.
[2026-09-07 03:17:37] REAL FILE ACTIVITY detected.
[2026-09-07 03:17:39] REAL FILE ACTIVITY detected.
[2026-09-07 03:17:41] REAL FILE ACTIVITY detected.
[2026-09-07 03:17:44] REAL FILE ACTIVITY detected.
[2026-09-07 03:17:46] REAL FILE ACTIVITY detected.
[2026-09-07 03:17:48] REAL FILE ACTIVITY detected.
[2026-09-07 03:17:51] REAL FILE ACTIVITY detected.
[2026-09-07 03:17:53] REAL FILE ACTIVITY detected.
[2026-09-07 03:17:56] REAL FILE ACTIVITY detected.
[2026-09-07 03:17:58] REAL FILE ACTIVITY detected.
[2026-09-07 03:18:00] REAL FILE ACTIVITY detected.
[2026-09-07 03:18:03] REAL FILE ACTIVITY detected.
[2026-09-07 03:18:05] REAL FILE ACTIVITY detected.
[2026-09-07 03:18:07] REAL FILE ACTIVITY detected.
[2026-09-07 03:18:10] REAL FILE ACTIVITY detected.
[2026-09-07 03:18:12] REAL FILE ACTIVITY detected.
[2026-09-07 03:18:20] Heartbeat: cycle=3, runtime=5.0m, idle=0.1m
[2026-09-07 03:18:24] REAL FILE ACTIVITY detected.
[2026-09-07 03:18:39] REAL FILE ACTIVITY detected.
[2026-09-07 03:18:52] REAL FILE ACTIVITY detected.
[2026-09-07 03:19:11] Agent output activity: 1323 bytes
[2026-09-07 03:19:13] Agent exited: code=0, duration=354.6s
[2026-09-07 03:19:13] CYCLE 3 RESULT: SUCCESS
[2026-09-07 03:19:13] Checkpoint: AutoLab cycle 3
[2026-09-07 03:19:13] Restarting in 5s
[2026-09-07 03:19:18] ----------------------------------------
[2026-09-07 03:19:18] CYCLE 4
[2026-09-07 03:19:18] Remaining: 5.61h
[2026-09-07 03:19:18] Launching Agent cycle 4
[2026-09-07 03:19:18] Output: C:\Users\lauve\Desktop\vd\autolab\results\session_logs\20260907_025602\agent_004.log
[2026-09-07 03:19:18] Prompt file: C:\Users\lauve\Desktop\vd\autolab\results\session_logs\20260907_025602\prompt_004.txt
[2026-09-07 03:19:18] Agent binary: C:\Users\lauve\AppData\Local\cursor-agent\versions\2026.09.02-c22c1a3\node.exe C:\Users\lauve\AppData\Local\cursor-agent\versions\2026.09.02-c22c1a3\index.js
[2026-09-07 03:19:18] Agent PID: 5088
[2026-09-07 03:19:18] Heartbeat: cycle=4, runtime=0.0m, idle=0.0m
[2026-09-07 03:20:20] Heartbeat: cycle=4, runtime=1.0m, idle=1.0m
[2026-09-07 03:20:22] REAL FILE ACTIVITY detected.
[2026-09-07 03:20:32] REAL FILE ACTIVITY detected.
[2026-09-07 03:20:45] REAL FILE ACTIVITY detected.
[2026-09-07 03:21:08] REAL FILE ACTIVITY detected.
[2026-09-07 03:21:19] Heartbeat: cycle=4, runtime=2.0m, idle=0.2m
[2026-09-07 03:21:46] REAL FILE ACTIVITY detected.
[2026-09-07 03:22:07] REAL FILE ACTIVITY detected.
[2026-09-07 03:22:12] REAL FILE ACTIVITY detected.
[2026-09-07 03:22:14] REAL FILE ACTIVITY detected.
[2026-09-07 03:22:18] REAL FILE ACTIVITY detected.
[2026-09-07 03:22:20] REAL FILE ACTIVITY detected.
[2026-09-07 03:22:20] Heartbeat: cycle=4, runtime=3.0m, idle=0.0m
[2026-09-07 03:22:23] REAL FILE ACTIVITY detected.
[2026-09-07 03:22:25] REAL FILE ACTIVITY detected.
[2026-09-07 03:22:27] REAL FILE ACTIVITY detected.
[2026-09-07 03:22:29] REAL FILE ACTIVITY detected.
[2026-09-07 03:22:33] REAL FILE ACTIVITY detected.
[2026-09-07 03:22:36] REAL FILE ACTIVITY detected.
[2026-09-07 03:22:38] REAL FILE ACTIVITY detected.
[2026-09-07 03:22:42] REAL FILE ACTIVITY detected.
[2026-09-07 03:22:44] REAL FILE ACTIVITY detected.
[2026-09-07 03:22:47] REAL FILE ACTIVITY detected.
[2026-09-07 03:22:49] REAL FILE ACTIVITY detected.
[2026-09-07 03:22:51] REAL FILE ACTIVITY detected.
[2026-09-07 03:22:53] REAL FILE ACTIVITY detected.
[2026-09-07 03:22:56] REAL FILE ACTIVITY detected.
[2026-09-07 03:22:58] REAL FILE ACTIVITY detected.
[2026-09-07 03:23:00] REAL FILE ACTIVITY detected.
[2026-09-07 03:23:02] REAL FILE ACTIVITY detected.
[2026-09-07 03:23:05] REAL FILE ACTIVITY detected.
[2026-09-07 03:23:07] REAL FILE ACTIVITY detected.
[2026-09-07 03:23:10] REAL FILE ACTIVITY detected.
[2026-09-07 03:23:13] REAL FILE ACTIVITY detected.
[2026-09-07 03:23:15] REAL FILE ACTIVITY detected.
[2026-09-07 03:23:17] REAL FILE ACTIVITY detected.
[2026-09-07 03:23:19] REAL FILE ACTIVITY detected.
[2026-09-07 03:23:19] Heartbeat: cycle=4, runtime=4.0m, idle=0.0m
[2026-09-07 03:23:22] REAL FILE ACTIVITY detected.
[2026-09-07 03:23:24] REAL FILE ACTIVITY detected.
[2026-09-07 03:23:26] REAL FILE ACTIVITY detected.
[2026-09-07 03:23:29] REAL FILE ACTIVITY detected.
[2026-09-07 03:23:31] REAL FILE ACTIVITY detected.
[2026-09-07 03:23:33] REAL FILE ACTIVITY detected.
[2026-09-07 03:23:36] REAL FILE ACTIVITY detected.
[2026-09-07 03:23:38] REAL FILE ACTIVITY detected.
[2026-09-07 03:23:40] REAL FILE ACTIVITY detected.
[2026-09-07 03:23:42] REAL FILE ACTIVITY detected.
[2026-09-07 03:23:45] REAL FILE ACTIVITY detected.
[2026-09-07 03:23:47] REAL FILE ACTIVITY detected.
[2026-09-07 03:23:50] REAL FILE ACTIVITY detected.
[2026-09-07 03:23:52] REAL FILE ACTIVITY detected.
[2026-09-07 03:23:55] REAL FILE ACTIVITY detected.
[2026-09-07 03:23:57] REAL FILE ACTIVITY detected.
[2026-09-07 03:23:59] REAL FILE ACTIVITY detected.
[2026-09-07 03:24:02] REAL FILE ACTIVITY detected.
[2026-09-07 03:24:04] REAL FILE ACTIVITY detected.
[2026-09-07 03:24:06] REAL FILE ACTIVITY detected.
[2026-09-07 03:24:09] REAL FILE ACTIVITY detected.
[2026-09-07 03:24:11] REAL FILE ACTIVITY detected.
[2026-09-07 03:24:13] REAL FILE ACTIVITY detected.
[2026-09-07 03:24:16] REAL FILE ACTIVITY detected.
[2026-09-07 03:24:20] Heartbeat: cycle=4, runtime=5.0m, idle=0.1m
[2026-09-07 03:24:30] Agent output activity: 883 bytes
[2026-09-07 03:24:41] Agent output activity: 1606 bytes
[2026-09-07 03:24:41] Agent exited: code=0, duration=322.7s
[2026-09-07 03:24:41] CYCLE 4 RESULT: SUCCESS
[2026-09-07 03:24:42] Checkpoint: AutoLab cycle 4
[2026-09-07 03:24:42] Restarting in 5s
[2026-09-07 03:24:47] ----------------------------------------
[2026-09-07 03:24:47] CYCLE 5
[2026-09-07 03:24:47] Remaining: 5.52h
[2026-09-07 03:24:47] Launching Agent cycle 5
[2026-09-07 03:24:47] Output: C:\Users\lauve\Desktop\vd\autolab\results\session_logs\20260907_025602\agent_005.log
[2026-09-07 03:24:47] Prompt file: C:\Users\lauve\Desktop\vd\autolab\results\session_logs\20260907_025602\prompt_005.txt
[2026-09-07 03:24:47] Agent binary: C:\Users\lauve\AppData\Local\cursor-agent\versions\2026.09.02-c22c1a3\node.exe C:\Users\lauve\AppData\Local\cursor-agent\versions\2026.09.02-c22c1a3\index.js
[2026-09-07 03:24:47] Agent PID: 8620
[2026-09-07 03:24:47] Heartbeat: cycle=5, runtime=0.0m, idle=0.0m
[2026-09-07 03:25:48] Heartbeat: cycle=5, runtime=1.0m, idle=1.0m
[2026-09-07 03:26:22] REAL FILE ACTIVITY detected.
[2026-09-07 03:26:41] REAL FILE ACTIVITY detected.
[2026-09-07 03:26:47] Heartbeat: cycle=5, runtime=2.0m, idle=0.1m
[2026-09-07 03:27:17] REAL FILE ACTIVITY detected.
[2026-09-07 03:27:47] Heartbeat: cycle=5, runtime=3.0m, idle=0.5m
[2026-09-07 03:28:10] REAL FILE ACTIVITY detected.
[2026-09-07 03:28:12] REAL FILE ACTIVITY detected.
[2026-09-07 03:28:15] REAL FILE ACTIVITY detected.
[2026-09-07 03:28:17] REAL FILE ACTIVITY detected.
[2026-09-07 03:28:19] REAL FILE ACTIVITY detected.
[2026-09-07 03:28:22] REAL FILE ACTIVITY detected.
[2026-09-07 03:28:24] REAL FILE ACTIVITY detected.
[2026-09-07 03:28:26] REAL FILE ACTIVITY detected.
[2026-09-07 03:28:29] REAL FILE ACTIVITY detected.
[2026-09-07 03:28:31] REAL FILE ACTIVITY detected.
[2026-09-07 03:28:33] REAL FILE ACTIVITY detected.
[2026-09-07 03:28:36] REAL FILE ACTIVITY detected.
[2026-09-07 03:28:38] REAL FILE ACTIVITY detected.
[2026-09-07 03:28:40] REAL FILE ACTIVITY detected.
[2026-09-07 03:28:43] REAL FILE ACTIVITY detected.
[2026-09-07 03:28:45] REAL FILE ACTIVITY detected.
[2026-09-07 03:28:47] REAL FILE ACTIVITY detected.
[2026-09-07 03:28:47] Heartbeat: cycle=5, runtime=4.0m, idle=0.0m
[2026-09-07 03:28:50] REAL FILE ACTIVITY detected.
[2026-09-07 03:28:52] REAL FILE ACTIVITY detected.
[2026-09-07 03:28:55] REAL FILE ACTIVITY detected.
[2026-09-07 03:28:57] REAL FILE ACTIVITY detected.
[2026-09-07 03:28:59] REAL FILE ACTIVITY detected.
[2026-09-07 03:29:01] REAL FILE ACTIVITY detected.
[2026-09-07 03:29:04] REAL FILE ACTIVITY detected.
[2026-09-07 03:29:06] REAL FILE ACTIVITY detected.
[2026-09-07 03:29:08] REAL FILE ACTIVITY detected.
[2026-09-07 03:29:11] REAL FILE ACTIVITY detected.
[2026-09-07 03:29:13] REAL FILE ACTIVITY detected.
[2026-09-07 03:29:15] REAL FILE ACTIVITY detected.
[2026-09-07 03:29:18] REAL FILE ACTIVITY detected.
[2026-09-07 03:29:20] REAL FILE ACTIVITY detected.
[2026-09-07 03:29:23] REAL FILE ACTIVITY detected.
[2026-09-07 03:29:25] REAL FILE ACTIVITY detected.
[2026-09-07 03:29:28] REAL FILE ACTIVITY detected.
[2026-09-07 03:29:30] REAL FILE ACTIVITY detected.
[2026-09-07 03:29:33] REAL FILE ACTIVITY detected.
[2026-09-07 03:29:35] REAL FILE ACTIVITY detected.
[2026-09-07 03:29:38] REAL FILE ACTIVITY detected.
[2026-09-07 03:29:40] REAL FILE ACTIVITY detected.
[2026-09-07 03:29:42] REAL FILE ACTIVITY detected.
[2026-09-07 03:29:45] REAL FILE ACTIVITY detected.
[2026-09-07 03:29:47] REAL FILE ACTIVITY detected.
[2026-09-07 03:29:47] Heartbeat: cycle=5, runtime=5.0m, idle=0.0m
[2026-09-07 03:29:49] REAL FILE ACTIVITY detected.
[2026-09-07 03:29:52] REAL FILE ACTIVITY detected.
[2026-09-07 03:30:17] REAL FILE ACTIVITY detected.
[2026-09-07 03:30:19] REAL FILE ACTIVITY detected.
[2026-09-07 03:30:26] REAL FILE ACTIVITY detected.
[2026-09-07 03:30:47] Heartbeat: cycle=5, runtime=6.0m, idle=0.4m
[2026-09-07 03:31:04] REAL FILE ACTIVITY detected.
[2026-09-07 03:31:13] REAL FILE ACTIVITY detected.
[2026-09-07 03:31:15] REAL FILE ACTIVITY detected.
[2026-09-07 03:31:17] REAL FILE ACTIVITY detected.
[2026-09-07 03:31:20] REAL FILE ACTIVITY detected.
[2026-09-07 03:31:22] REAL FILE ACTIVITY detected.
[2026-09-07 03:31:24] REAL FILE ACTIVITY detected.
[2026-09-07 03:31:27] REAL FILE ACTIVITY detected.
[2026-09-07 03:31:29] REAL FILE ACTIVITY detected.
[2026-09-07 03:31:31] REAL FILE ACTIVITY detected.
[2026-09-07 03:31:33] REAL FILE ACTIVITY detected.
[2026-09-07 03:31:36] REAL FILE ACTIVITY detected.
[2026-09-07 03:31:39] REAL FILE ACTIVITY detected.
[2026-09-07 03:31:41] REAL FILE ACTIVITY detected.
[2026-09-07 03:31:43] REAL FILE ACTIVITY detected.
[2026-09-07 03:31:45] REAL FILE ACTIVITY detected.
[2026-09-07 03:31:48] REAL FILE ACTIVITY detected.
[2026-09-07 03:31:48] Heartbeat: cycle=5, runtime=7.0m, idle=0.0m
[2026-09-07 03:31:50] REAL FILE ACTIVITY detected.
[2026-09-07 03:31:53] REAL FILE ACTIVITY detected.
[2026-09-07 03:31:55] REAL FILE ACTIVITY detected.
[2026-09-07 03:31:58] REAL FILE ACTIVITY detected.
[2026-09-07 03:32:00] REAL FILE ACTIVITY detected.
[2026-09-07 03:32:02] REAL FILE ACTIVITY detected.
[2026-09-07 03:32:05] REAL FILE ACTIVITY detected.
[2026-09-07 03:32:07] REAL FILE ACTIVITY detected.
[2026-09-07 03:32:10] REAL FILE ACTIVITY detected.
[2026-09-07 03:32:12] REAL FILE ACTIVITY detected.
[2026-09-07 03:32:14] REAL FILE ACTIVITY detected.
[2026-09-07 03:32:17] REAL FILE ACTIVITY detected.
[2026-09-07 03:32:19] REAL FILE ACTIVITY detected.
[2026-09-07 03:32:21] REAL FILE ACTIVITY detected.
[2026-09-07 03:32:24] REAL FILE ACTIVITY detected.
[2026-09-07 03:32:27] REAL FILE ACTIVITY detected.
[2026-09-07 03:32:29] REAL FILE ACTIVITY detected.
[2026-09-07 03:32:32] REAL FILE ACTIVITY detected.
[2026-09-07 03:32:34] REAL FILE ACTIVITY detected.
[2026-09-07 03:32:37] REAL FILE ACTIVITY detected.
[2026-09-07 03:32:39] REAL FILE ACTIVITY detected.
[2026-09-07 03:32:42] REAL FILE ACTIVITY detected.
[2026-09-07 03:32:44] REAL FILE ACTIVITY detected.
[2026-09-07 03:32:47] REAL FILE ACTIVITY detected.
[2026-09-07 03:32:49] REAL FILE ACTIVITY detected.
[2026-09-07 03:32:49] Heartbeat: cycle=5, runtime=8.0m, idle=0.0m
[2026-09-07 03:32:51] REAL FILE ACTIVITY detected.
[2026-09-07 03:33:32] REAL FILE ACTIVITY detected.
[2026-09-07 03:33:47] Heartbeat: cycle=5, runtime=9.0m, idle=0.2m
[2026-09-07 03:33:51] Agent output activity: 1608 bytes
[2026-09-07 03:33:51] Agent exited: code=0, duration=544.4s
[2026-09-07 03:33:51] CYCLE 5 RESULT: SUCCESS
[2026-09-07 03:33:51] Checkpoint: AutoLab cycle 5
[2026-09-07 03:33:51] Restarting in 5s
[2026-09-07 03:33:56] ----------------------------------------
[2026-09-07 03:33:56] CYCLE 6
[2026-09-07 03:33:56] Remaining: 5.37h
[2026-09-07 03:33:56] Launching Agent cycle 6
[2026-09-07 03:33:56] Output: C:\Users\lauve\Desktop\vd\autolab\results\session_logs\20260907_025602\agent_006.log
[2026-09-07 03:33:56] Prompt file: C:\Users\lauve\Desktop\vd\autolab\results\session_logs\20260907_025602\prompt_006.txt
[2026-09-07 03:33:57] Agent binary: C:\Users\lauve\AppData\Local\cursor-agent\versions\2026.09.02-c22c1a3\node.exe C:\Users\lauve\AppData\Local\cursor-agent\versions\2026.09.02-c22c1a3\index.js
[2026-09-07 03:33:57] Agent PID: 10080
[2026-09-07 03:33:57] Heartbeat: cycle=6, runtime=0.0m, idle=0.0m
[2026-09-07 03:34:48] REAL FILE ACTIVITY detected.
[2026-09-07 03:34:57] REAL FILE ACTIVITY detected.
[2026-09-07 03:34:57] Heartbeat: cycle=6, runtime=1.0m, idle=0.0m
[2026-09-07 03:35:08] REAL FILE ACTIVITY detected.
[2026-09-07 03:35:16] REAL FILE ACTIVITY detected.
[2026-09-07 03:35:31] REAL FILE ACTIVITY detected.
[2026-09-07 03:35:48] REAL FILE ACTIVITY detected.
[2026-09-07 03:35:57] Heartbeat: cycle=6, runtime=2.0m, idle=0.1m
[2026-09-07 03:36:16] REAL FILE ACTIVITY detected.
[2026-09-07 03:36:23] REAL FILE ACTIVITY detected.
[2026-09-07 03:36:40] REAL FILE ACTIVITY detected.
[2026-09-07 03:36:42] REAL FILE ACTIVITY detected.
[2026-09-07 03:36:57] Heartbeat: cycle=6, runtime=3.0m, idle=0.2m
[2026-09-07 03:37:10] REAL FILE ACTIVITY detected.
[2026-09-07 03:37:50] REAL FILE ACTIVITY detected.
[2026-09-07 03:37:52] REAL FILE ACTIVITY detected.
[2026-09-07 03:37:59] Heartbeat: cycle=6, runtime=4.0m, idle=0.1m
[2026-09-07 03:38:16] REAL FILE ACTIVITY detected.
[2026-09-07 03:38:20] REAL FILE ACTIVITY detected.
[2026-09-07 03:38:27] REAL FILE ACTIVITY detected.
[2026-09-07 03:38:29] REAL FILE ACTIVITY detected.
[2026-09-07 03:38:36] REAL FILE ACTIVITY detected.
[2026-09-07 03:38:41] REAL FILE ACTIVITY detected.
[2026-09-07 03:38:43] REAL FILE ACTIVITY detected.
[2026-09-07 03:38:47] REAL FILE ACTIVITY detected.
[2026-09-07 03:38:50] REAL FILE ACTIVITY detected.
[2026-09-07 03:38:54] REAL FILE ACTIVITY detected.
[2026-09-07 03:38:59] REAL FILE ACTIVITY detected.
[2026-09-07 03:38:59] Heartbeat: cycle=6, runtime=5.0m, idle=0.0m
[2026-09-07 03:39:01] REAL FILE ACTIVITY detected.
[2026-09-07 03:39:05] REAL FILE ACTIVITY detected.
[2026-09-07 03:39:10] REAL FILE ACTIVITY detected.
[2026-09-07 03:39:12] REAL FILE ACTIVITY detected.
[2026-09-07 03:39:14] REAL FILE ACTIVITY detected.
[2026-09-07 03:39:17] REAL FILE ACTIVITY detected.
[2026-09-07 03:39:19] REAL FILE ACTIVITY detected.
[2026-09-07 03:39:22] REAL FILE ACTIVITY detected.
[2026-09-07 03:39:24] REAL FILE ACTIVITY detected.
[2026-09-07 03:39:26] REAL FILE ACTIVITY detected.
[2026-09-07 03:39:29] REAL FILE ACTIVITY detected.
[2026-09-07 03:39:31] REAL FILE ACTIVITY detected.
[2026-09-07 03:39:34] REAL FILE ACTIVITY detected.
[2026-09-07 03:39:36] REAL FILE ACTIVITY detected.
[2026-09-07 03:39:39] REAL FILE ACTIVITY detected.
[2026-09-07 03:39:41] REAL FILE ACTIVITY detected.
[2026-09-07 03:39:43] REAL FILE ACTIVITY detected.
[2026-09-07 03:39:46] REAL FILE ACTIVITY detected.
[2026-09-07 03:39:48] REAL FILE ACTIVITY detected.
[2026-09-07 03:39:51] REAL FILE ACTIVITY detected.
[2026-09-07 03:39:53] REAL FILE ACTIVITY detected.
[2026-09-07 03:39:55] REAL FILE ACTIVITY detected.
[2026-09-07 03:39:58] REAL FILE ACTIVITY detected.
[2026-09-07 03:39:58] Heartbeat: cycle=6, runtime=6.0m, idle=0.0m
[2026-09-07 03:40:00] REAL FILE ACTIVITY detected.
[2026-09-07 03:40:03] REAL FILE ACTIVITY detected.
[2026-09-07 03:40:05] REAL FILE ACTIVITY detected.
[2026-09-07 03:40:07] REAL FILE ACTIVITY detected.
[2026-09-07 03:40:10] REAL FILE ACTIVITY detected.
[2026-09-07 03:40:12] REAL FILE ACTIVITY detected.
[2026-09-07 03:40:14] REAL FILE ACTIVITY detected.
[2026-09-07 03:40:17] REAL FILE ACTIVITY detected.
[2026-09-07 03:40:19] REAL FILE ACTIVITY detected.
[2026-09-07 03:40:22] REAL FILE ACTIVITY detected.
[2026-09-07 03:40:25] REAL FILE ACTIVITY detected.
[2026-09-07 03:40:28] REAL FILE ACTIVITY detected.
[2026-09-07 03:40:30] REAL FILE ACTIVITY detected.
[2026-09-07 03:40:32] REAL FILE ACTIVITY detected.
[2026-09-07 03:40:35] REAL FILE ACTIVITY detected.
[2026-09-07 03:40:37] REAL FILE ACTIVITY detected.
[2026-09-07 03:40:39] REAL FILE ACTIVITY detected.
[2026-09-07 03:40:42] REAL FILE ACTIVITY detected.
[2026-09-07 03:40:44] REAL FILE ACTIVITY detected.
[2026-09-07 03:40:57] Heartbeat: cycle=6, runtime=7.0m, idle=0.2m
[2026-09-07 03:41:32] Agent output activity: 1394 bytes
[2026-09-07 03:41:32] Agent exited: code=0, duration=455.0s
[2026-09-07 03:41:32] CYCLE 6 RESULT: SUCCESS
