[2026-09-08 13:52:39] ========================================
[2026-09-08 13:52:39] AUTOLAB SUPERVISOR
[2026-09-08 13:52:39] Duration: 24.0 hours
[2026-09-08 13:52:39] Deadline: 2026-09-09 13:52:39.580382
[2026-09-08 13:52:39] Session dir: C:\Users\lauve\Desktop\vd\autolab\results\session_logs\20260908_135239
[2026-09-08 13:52:39] ========================================
[2026-09-08 13:52:39] Checkpoint: AutoLab before autonomous session
[2026-09-08 13:52:39] ----------------------------------------
[2026-09-08 13:52:39] CYCLE 1
[2026-09-08 13:52:39] Remaining: 24.00h
[2026-09-08 13:52:39] Launching Agent cycle 1
[2026-09-08 13:52:39] Output: C:\Users\lauve\Desktop\vd\autolab\results\session_logs\20260908_135239\agent_001.log
[2026-09-08 13:52:39] Prompt file: C:\Users\lauve\Desktop\vd\autolab\results\session_logs\20260908_135239\prompt_001.txt
[2026-09-08 13:52:40] Agent binary: C:\Users\lauve\AppData\Local\cursor-agent\versions\2026.09.02-c22c1a3\node.exe C:\Users\lauve\AppData\Local\cursor-agent\versions\2026.09.02-c22c1a3\index.js
[2026-09-08 13:52:41] Agent PID: 13252
[2026-09-08 13:52:41] Heartbeat: cycle=1, runtime=0.0m, idle=0.0m
[2026-09-08 13:52:57] REAL FILE ACTIVITY detected.
[2026-09-08 13:53:04] REAL FILE ACTIVITY detected.
[2026-09-08 13:53:19] REAL FILE ACTIVITY detected.
[2026-09-08 13:53:21] REAL FILE ACTIVITY detected.
[2026-09-08 13:53:24] REAL FILE ACTIVITY detected.
[2026-09-08 13:53:26] REAL FILE ACTIVITY detected.
[2026-09-08 13:53:29] REAL FILE ACTIVITY detected.
[2026-09-08 13:53:31] REAL FILE ACTIVITY detected.
[2026-09-08 13:53:34] REAL FILE ACTIVITY detected.
[2026-09-08 13:53:36] REAL FILE ACTIVITY detected.
[2026-09-08 13:53:38] REAL FILE ACTIVITY detected.
[2026-09-08 13:53:41] REAL FILE ACTIVITY detected.
[2026-09-08 13:53:41] Heartbeat: cycle=1, runtime=1.0m, idle=0.0m
[2026-09-08 13:53:43] REAL FILE ACTIVITY detected.
[2026-09-08 13:53:46] REAL FILE ACTIVITY detected.
[2026-09-08 13:53:49] REAL FILE ACTIVITY detected.
[2026-09-08 13:53:52] REAL FILE ACTIVITY detected.
[2026-09-08 13:53:55] REAL FILE ACTIVITY detected.
[2026-09-08 13:53:59] REAL FILE ACTIVITY detected.
[2026-09-08 13:54:01] REAL FILE ACTIVITY detected.
[2026-09-08 13:54:03] REAL FILE ACTIVITY detected.
[2026-09-08 13:54:06] REAL FILE ACTIVITY detected.
[2026-09-08 13:54:09] REAL FILE ACTIVITY detected.
[2026-09-08 13:54:12] REAL FILE ACTIVITY detected.
[2026-09-08 13:54:14] REAL FILE ACTIVITY detected.
[2026-09-08 13:54:17] REAL FILE ACTIVITY detected.
[2026-09-08 13:54:20] REAL FILE ACTIVITY detected.
[2026-09-08 13:54:22] REAL FILE ACTIVITY detected.
[2026-09-08 13:54:25] REAL FILE ACTIVITY detected.
[2026-09-08 13:54:28] REAL FILE ACTIVITY detected.
[2026-09-08 13:54:30] REAL FILE ACTIVITY detected.
[2026-09-08 13:54:33] REAL FILE ACTIVITY detected.
[2026-09-08 13:54:35] REAL FILE ACTIVITY detected.
[2026-09-08 13:54:38] REAL FILE ACTIVITY detected.
[2026-09-08 13:54:41] REAL FILE ACTIVITY detected.
[2026-09-08 13:54:41] Heartbeat: cycle=1, runtime=2.0m, idle=0.0m
[2026-09-08 13:54:43] REAL FILE ACTIVITY detected.
[2026-09-08 13:54:46] REAL FILE ACTIVITY detected.
[2026-09-08 13:54:48] REAL FILE ACTIVITY detected.
[2026-09-08 13:54:51] REAL FILE ACTIVITY detected.
[2026-09-08 13:54:53] REAL FILE ACTIVITY detected.
[2026-09-08 13:54:57] REAL FILE ACTIVITY detected.
[2026-09-08 13:54:59] REAL FILE ACTIVITY detected.
[2026-09-08 13:55:02] REAL FILE ACTIVITY detected.
[2026-09-08 13:55:04] REAL FILE ACTIVITY detected.
[2026-09-08 13:55:07] REAL FILE ACTIVITY detected.
[2026-09-08 13:55:09] REAL FILE ACTIVITY detected.
[2026-09-08 13:55:12] REAL FILE ACTIVITY detected.
[2026-09-08 13:55:14] REAL FILE ACTIVITY detected.
[2026-09-08 13:55:17] REAL FILE ACTIVITY detected.
[2026-09-08 13:55:20] REAL FILE ACTIVITY detected.
[2026-09-08 13:55:22] REAL FILE ACTIVITY detected.
[2026-09-08 13:55:25] REAL FILE ACTIVITY detected.
[2026-09-08 13:55:27] REAL FILE ACTIVITY detected.
[2026-09-08 13:55:41] Heartbeat: cycle=1, runtime=3.0m, idle=0.2m
[2026-09-08 13:55:44] REAL FILE ACTIVITY detected.
[2026-09-08 13:55:50] REAL FILE ACTIVITY detected.
[2026-09-08 13:55:53] REAL FILE ACTIVITY detected.
[2026-09-08 13:55:55] REAL FILE ACTIVITY detected.
[2026-09-08 13:55:58] REAL FILE ACTIVITY detected.
[2026-09-08 13:56:00] REAL FILE ACTIVITY detected.
[2026-09-08 13:56:02] REAL FILE ACTIVITY detected.
[2026-09-08 13:56:05] REAL FILE ACTIVITY detected.
[2026-09-08 13:56:07] REAL FILE ACTIVITY detected.
[2026-09-08 13:56:10] REAL FILE ACTIVITY detected.
[2026-09-08 13:56:12] REAL FILE ACTIVITY detected.
[2026-09-08 13:56:14] REAL FILE ACTIVITY detected.
[2026-09-08 13:56:17] REAL FILE ACTIVITY detected.
[2026-09-08 13:56:40] REAL FILE ACTIVITY detected.
[2026-09-08 13:56:40] Heartbeat: cycle=1, runtime=4.0m, idle=0.0m
[2026-09-08 13:56:51] REAL FILE ACTIVITY detected.
[2026-09-08 13:56:56] REAL FILE ACTIVITY detected.
[2026-09-08 13:56:58] REAL FILE ACTIVITY detected.
[2026-09-08 13:57:11] REAL FILE ACTIVITY detected.
[2026-09-08 13:57:17] REAL FILE ACTIVITY detected.
[2026-09-08 13:57:34] REAL FILE ACTIVITY detected.
[2026-09-08 13:57:38] REAL FILE ACTIVITY detected.
[2026-09-08 13:57:41] REAL FILE ACTIVITY detected.
[2026-09-08 13:57:41] Heartbeat: cycle=1, runtime=5.0m, idle=0.0m
[2026-09-08 13:57:43] REAL FILE ACTIVITY detected.
[2026-09-08 13:57:45] REAL FILE ACTIVITY detected.
[2026-09-08 13:57:48] REAL FILE ACTIVITY detected.
[2026-09-08 13:57:50] REAL FILE ACTIVITY detected.
[2026-09-08 13:57:52] REAL FILE ACTIVITY detected.
[2026-09-08 13:57:55] REAL FILE ACTIVITY detected.
[2026-09-08 13:57:57] REAL FILE ACTIVITY detected.
[2026-09-08 13:58:00] REAL FILE ACTIVITY detected.
[2026-09-08 13:58:02] REAL FILE ACTIVITY detected.
[2026-09-08 13:58:04] REAL FILE ACTIVITY detected.
[2026-09-08 13:58:07] REAL FILE ACTIVITY detected.
[2026-09-08 13:58:09] REAL FILE ACTIVITY detected.
[2026-09-08 13:58:12] REAL FILE ACTIVITY detected.
[2026-09-08 13:58:14] REAL FILE ACTIVITY detected.
[2026-09-08 13:58:17] REAL FILE ACTIVITY detected.
[2026-09-08 13:58:20] REAL FILE ACTIVITY detected.
[2026-09-08 13:58:23] REAL FILE ACTIVITY detected.
[2026-09-08 13:58:25] REAL FILE ACTIVITY detected.
[2026-09-08 13:58:29] REAL FILE ACTIVITY detected.
[2026-09-08 13:58:31] REAL FILE ACTIVITY detected.
[2026-09-08 13:58:34] REAL FILE ACTIVITY detected.
[2026-09-08 13:58:36] REAL FILE ACTIVITY detected.
[2026-09-08 13:58:38] REAL FILE ACTIVITY detected.
[2026-09-08 13:58:41] REAL FILE ACTIVITY detected.
[2026-09-08 13:58:41] Heartbeat: cycle=1, runtime=6.0m, idle=0.0m
[2026-09-08 13:58:44] REAL FILE ACTIVITY detected.
[2026-09-08 13:58:47] REAL FILE ACTIVITY detected.
[2026-09-08 13:58:49] REAL FILE ACTIVITY detected.
[2026-09-08 13:58:52] REAL FILE ACTIVITY detected.
[2026-09-08 13:58:54] REAL FILE ACTIVITY detected.
[2026-09-08 13:59:07] REAL FILE ACTIVITY detected.
[2026-09-08 13:59:42] Heartbeat: cycle=1, runtime=7.0m, idle=0.6m
[2026-09-08 13:59:46] REAL FILE ACTIVITY detected.
[2026-09-08 14:00:03] REAL FILE ACTIVITY detected.
[2026-09-08 14:00:25] REAL FILE ACTIVITY detected.
[2026-09-08 14:00:40] Heartbeat: cycle=1, runtime=8.0m, idle=0.3m
[2026-09-08 14:01:06] REAL FILE ACTIVITY detected.
[2026-09-08 14:01:12] REAL FILE ACTIVITY detected.
[2026-09-08 14:01:15] REAL FILE ACTIVITY detected.
[2026-09-08 14:01:17] REAL FILE ACTIVITY detected.
[2026-09-08 14:01:19] REAL FILE ACTIVITY detected.
[2026-09-08 14:01:21] REAL FILE ACTIVITY detected.
[2026-09-08 14:01:24] REAL FILE ACTIVITY detected.
[2026-09-08 14:01:26] REAL FILE ACTIVITY detected.
[2026-09-08 14:01:28] REAL FILE ACTIVITY detected.
[2026-09-08 14:01:30] REAL FILE ACTIVITY detected.
[2026-09-08 14:01:33] REAL FILE ACTIVITY detected.
[2026-09-08 14:01:35] REAL FILE ACTIVITY detected.
[2026-09-08 14:01:38] REAL FILE ACTIVITY detected.
[2026-09-08 14:01:40] REAL FILE ACTIVITY detected.
[2026-09-08 14:01:43] REAL FILE ACTIVITY detected.
[2026-09-08 14:01:43] Heartbeat: cycle=1, runtime=9.0m, idle=0.0m
[2026-09-08 14:01:45] REAL FILE ACTIVITY detected.
[2026-09-08 14:01:48] REAL FILE ACTIVITY detected.
[2026-09-08 14:01:50] REAL FILE ACTIVITY detected.
[2026-09-08 14:01:53] REAL FILE ACTIVITY detected.
[2026-09-08 14:01:55] REAL FILE ACTIVITY detected.
[2026-09-08 14:01:57] REAL FILE ACTIVITY detected.
[2026-09-08 14:02:00] REAL FILE ACTIVITY detected.
[2026-09-08 14:02:02] REAL FILE ACTIVITY detected.
[2026-09-08 14:02:04] REAL FILE ACTIVITY detected.
[2026-09-08 14:02:06] REAL FILE ACTIVITY detected.
[2026-09-08 14:02:09] REAL FILE ACTIVITY detected.
[2026-09-08 14:02:11] REAL FILE ACTIVITY detected.
[2026-09-08 14:02:13] REAL FILE ACTIVITY detected.
[2026-09-08 14:02:16] REAL FILE ACTIVITY detected.
[2026-09-08 14:02:18] REAL FILE ACTIVITY detected.
[2026-09-08 14:02:21] REAL FILE ACTIVITY detected.
[2026-09-08 14:02:23] REAL FILE ACTIVITY detected.
[2026-09-08 14:02:26] REAL FILE ACTIVITY detected.
[2026-09-08 14:02:29] REAL FILE ACTIVITY detected.
[2026-09-08 14:02:32] REAL FILE ACTIVITY detected.
[2026-09-08 14:02:34] REAL FILE ACTIVITY detected.
[2026-09-08 14:02:37] REAL FILE ACTIVITY detected.
[2026-09-08 14:02:39] REAL FILE ACTIVITY detected.
[2026-09-08 14:02:42] REAL FILE ACTIVITY detected.
[2026-09-08 14:02:42] Heartbeat: cycle=1, runtime=10.0m, idle=0.0m
[2026-09-08 14:02:45] REAL FILE ACTIVITY detected.
[2026-09-08 14:02:48] REAL FILE ACTIVITY detected.
[2026-09-08 14:02:50] REAL FILE ACTIVITY detected.
[2026-09-08 14:02:53] REAL FILE ACTIVITY detected.
[2026-09-08 14:03:06] REAL FILE ACTIVITY detected.
[2026-09-08 14:03:08] REAL FILE ACTIVITY detected.
[2026-09-08 14:03:21] REAL FILE ACTIVITY detected.
[2026-09-08 14:03:23] REAL FILE ACTIVITY detected.
[2026-09-08 14:03:41] Heartbeat: cycle=1, runtime=11.0m, idle=0.3m
[2026-09-08 14:03:43] Agent output activity: 1674 bytes
[2026-09-08 14:03:43] Agent exited: code=0, duration=663.1s
[2026-09-08 14:03:43] CYCLE 1 RESULT: SUCCESS
[2026-09-08 14:03:44] Checkpoint: AutoLab cycle 1
[2026-09-08 14:03:44] Restarting in 5s
[2026-09-08 14:03:49] ----------------------------------------
[2026-09-08 14:03:49] CYCLE 2
[2026-09-08 14:03:49] Remaining: 23.81h
[2026-09-08 14:03:49] Launching Agent cycle 2
[2026-09-08 14:03:49] Output: C:\Users\lauve\Desktop\vd\autolab\results\session_logs\20260908_135239\agent_002.log
[2026-09-08 14:03:49] Prompt file: C:\Users\lauve\Desktop\vd\autolab\results\session_logs\20260908_135239\prompt_002.txt
[2026-09-08 14:03:49] Agent binary: C:\Users\lauve\AppData\Local\cursor-agent\versions\2026.09.02-c22c1a3\node.exe C:\Users\lauve\AppData\Local\cursor-agent\versions\2026.09.02-c22c1a3\index.js
[2026-09-08 14:03:50] Agent PID: 5132
[2026-09-08 14:03:50] Heartbeat: cycle=2, runtime=0.0m, idle=0.0m
[2026-09-08 14:04:51] Heartbeat: cycle=2, runtime=1.0m, idle=1.0m
[2026-09-08 14:05:51] Heartbeat: cycle=2, runtime=2.0m, idle=2.0m
[2026-09-08 14:05:53] REAL FILE ACTIVITY detected.
[2026-09-08 14:06:19] REAL FILE ACTIVITY detected.
[2026-09-08 14:06:39] REAL FILE ACTIVITY detected.
[2026-09-08 14:06:41] REAL FILE ACTIVITY detected.
[2026-09-08 14:06:47] REAL FILE ACTIVITY detected.
[2026-09-08 14:06:50] Heartbeat: cycle=2, runtime=3.0m, idle=0.0m
[2026-09-08 14:06:58] REAL FILE ACTIVITY detected.
[2026-09-08 14:07:03] REAL FILE ACTIVITY detected.
[2026-09-08 14:07:07] REAL FILE ACTIVITY detected.
[2026-09-08 14:07:09] REAL FILE ACTIVITY detected.
[2026-09-08 14:07:12] REAL FILE ACTIVITY detected.
[2026-09-08 14:07:14] REAL FILE ACTIVITY detected.
[2026-09-08 14:07:18] REAL FILE ACTIVITY detected.
[2026-09-08 14:07:20] REAL FILE ACTIVITY detected.
[2026-09-08 14:07:25] REAL FILE ACTIVITY detected.
[2026-09-08 14:07:27] REAL FILE ACTIVITY detected.
[2026-09-08 14:07:29] REAL FILE ACTIVITY detected.
[2026-09-08 14:07:51] Heartbeat: cycle=2, runtime=4.0m, idle=0.4m
[2026-09-08 14:08:08] REAL FILE ACTIVITY detected.
[2026-09-08 14:08:37] REAL FILE ACTIVITY detected.
[2026-09-08 14:08:40] REAL FILE ACTIVITY detected.
[2026-09-08 14:08:42] REAL FILE ACTIVITY detected.
[2026-09-08 14:08:44] REAL FILE ACTIVITY detected.
[2026-09-08 14:08:47] REAL FILE ACTIVITY detected.
[2026-09-08 14:08:49] REAL FILE ACTIVITY detected.
[2026-09-08 14:08:52] REAL FILE ACTIVITY detected.
[2026-09-08 14:08:52] Heartbeat: cycle=2, runtime=5.0m, idle=0.0m
[2026-09-08 14:08:54] REAL FILE ACTIVITY detected.
[2026-09-08 14:08:56] REAL FILE ACTIVITY detected.
[2026-09-08 14:08:59] REAL FILE ACTIVITY detected.
[2026-09-08 14:09:01] REAL FILE ACTIVITY detected.
[2026-09-08 14:09:04] REAL FILE ACTIVITY detected.
[2026-09-08 14:09:06] REAL FILE ACTIVITY detected.
[2026-09-08 14:09:09] REAL FILE ACTIVITY detected.
[2026-09-08 14:09:12] REAL FILE ACTIVITY detected.
[2026-09-08 14:09:15] REAL FILE ACTIVITY detected.
[2026-09-08 14:09:17] REAL FILE ACTIVITY detected.
[2026-09-08 14:09:20] REAL FILE ACTIVITY detected.
[2026-09-08 14:09:24] REAL FILE ACTIVITY detected.
[2026-09-08 14:09:26] REAL FILE ACTIVITY detected.
[2026-09-08 14:09:28] REAL FILE ACTIVITY detected.
[2026-09-08 14:09:31] REAL FILE ACTIVITY detected.
[2026-09-08 14:09:34] REAL FILE ACTIVITY detected.
[2026-09-08 14:09:37] REAL FILE ACTIVITY detected.
[2026-09-08 14:09:40] REAL FILE ACTIVITY detected.
[2026-09-08 14:09:43] REAL FILE ACTIVITY detected.
[2026-09-08 14:09:45] REAL FILE ACTIVITY detected.
[2026-09-08 14:09:48] REAL FILE ACTIVITY detected.
[2026-09-08 14:09:50] REAL FILE ACTIVITY detected.
[2026-09-08 14:09:50] Heartbeat: cycle=2, runtime=6.0m, idle=0.0m
[2026-09-08 14:09:53] REAL FILE ACTIVITY detected.
[2026-09-08 14:09:55] REAL FILE ACTIVITY detected.
[2026-09-08 14:09:58] REAL FILE ACTIVITY detected.
[2026-09-08 14:10:01] REAL FILE ACTIVITY detected.
[2026-09-08 14:10:03] REAL FILE ACTIVITY detected.
[2026-09-08 14:10:06] REAL FILE ACTIVITY detected.
[2026-09-08 14:10:08] REAL FILE ACTIVITY detected.
[2026-09-08 14:10:11] REAL FILE ACTIVITY detected.
[2026-09-08 14:10:13] REAL FILE ACTIVITY detected.
[2026-09-08 14:10:15] REAL FILE ACTIVITY detected.
[2026-09-08 14:10:18] REAL FILE ACTIVITY detected.
[2026-09-08 14:10:21] REAL FILE ACTIVITY detected.
[2026-09-08 14:10:24] REAL FILE ACTIVITY detected.
[2026-09-08 14:10:27] REAL FILE ACTIVITY detected.
[2026-09-08 14:10:30] REAL FILE ACTIVITY detected.
[2026-09-08 14:10:33] REAL FILE ACTIVITY detected.
[2026-09-08 14:10:36] REAL FILE ACTIVITY detected.
[2026-09-08 14:10:38] REAL FILE ACTIVITY detected.
[2026-09-08 14:10:41] REAL FILE ACTIVITY detected.
[2026-09-08 14:10:44] REAL FILE ACTIVITY detected.
[2026-09-08 14:10:47] REAL FILE ACTIVITY detected.
[2026-09-08 14:10:50] REAL FILE ACTIVITY detected.
[2026-09-08 14:10:50] Heartbeat: cycle=2, runtime=7.0m, idle=0.0m
[2026-09-08 14:10:53] REAL FILE ACTIVITY detected.
[2026-09-08 14:10:55] REAL FILE ACTIVITY detected.
[2026-09-08 14:10:57] REAL FILE ACTIVITY detected.
[2026-09-08 14:11:04] REAL FILE ACTIVITY detected.
[2026-09-08 14:11:45] REAL FILE ACTIVITY detected.
[2026-09-08 14:11:50] Heartbeat: cycle=2, runtime=8.0m, idle=0.1m
[2026-09-08 14:11:58] Agent output activity: 1515 bytes
[2026-09-08 14:11:59] Agent exited: code=0, duration=489.6s
[2026-09-08 14:11:59] CYCLE 2 RESULT: SUCCESS
[2026-09-08 14:11:59] Checkpoint: AutoLab cycle 2
[2026-09-08 14:11:59] Restarting in 5s
[2026-09-08 14:12:04] ----------------------------------------
[2026-09-08 14:12:04] CYCLE 3
[2026-09-08 14:12:04] Remaining: 23.68h
[2026-09-08 14:12:04] Launching Agent cycle 3
[2026-09-08 14:12:04] Output: C:\Users\lauve\Desktop\vd\autolab\results\session_logs\20260908_135239\agent_003.log
[2026-09-08 14:12:04] Prompt file: C:\Users\lauve\Desktop\vd\autolab\results\session_logs\20260908_135239\prompt_003.txt
[2026-09-08 14:12:04] Agent binary: C:\Users\lauve\AppData\Local\cursor-agent\versions\2026.09.02-c22c1a3\node.exe C:\Users\lauve\AppData\Local\cursor-agent\versions\2026.09.02-c22c1a3\index.js
[2026-09-08 14:12:04] Agent PID: 3788
[2026-09-08 14:12:04] Heartbeat: cycle=3, runtime=0.0m, idle=0.0m
[2026-09-08 14:12:40] REAL FILE ACTIVITY detected.
[2026-09-08 14:12:58] REAL FILE ACTIVITY detected.
[2026-09-08 14:13:06] REAL FILE ACTIVITY detected.
[2026-09-08 14:13:06] Heartbeat: cycle=3, runtime=1.0m, idle=0.0m
[2026-09-08 14:13:09] REAL FILE ACTIVITY detected.
[2026-09-08 14:13:20] REAL FILE ACTIVITY detected.
[2026-09-08 14:14:05] Heartbeat: cycle=3, runtime=2.0m, idle=0.8m
[2026-09-08 14:14:12] REAL FILE ACTIVITY detected.
[2026-09-08 14:14:21] REAL FILE ACTIVITY detected.
[2026-09-08 14:14:23] REAL FILE ACTIVITY detected.
[2026-09-08 14:14:25] REAL FILE ACTIVITY detected.
[2026-09-08 14:14:28] REAL FILE ACTIVITY detected.
[2026-09-08 14:14:30] REAL FILE ACTIVITY detected.
[2026-09-08 14:14:33] REAL FILE ACTIVITY detected.
[2026-09-08 14:14:35] REAL FILE ACTIVITY detected.
[2026-09-08 14:14:38] REAL FILE ACTIVITY detected.
[2026-09-08 14:14:40] REAL FILE ACTIVITY detected.
[2026-09-08 14:14:42] REAL FILE ACTIVITY detected.
[2026-09-08 14:14:45] REAL FILE ACTIVITY detected.
[2026-09-08 14:14:47] REAL FILE ACTIVITY detected.
[2026-09-08 14:14:50] REAL FILE ACTIVITY detected.
[2026-09-08 14:14:54] REAL FILE ACTIVITY detected.
[2026-09-08 14:14:56] REAL FILE ACTIVITY detected.
[2026-09-08 14:14:59] REAL FILE ACTIVITY detected.
[2026-09-08 14:15:02] REAL FILE ACTIVITY detected.
[2026-09-08 14:15:05] REAL FILE ACTIVITY detected.
[2026-09-08 14:15:07] REAL FILE ACTIVITY detected.
[2026-09-08 14:15:07] Heartbeat: cycle=3, runtime=3.0m, idle=0.0m
[2026-09-08 14:15:10] REAL FILE ACTIVITY detected.
[2026-09-08 14:15:13] REAL FILE ACTIVITY detected.
[2026-09-08 14:15:15] REAL FILE ACTIVITY detected.
[2026-09-08 14:15:18] REAL FILE ACTIVITY detected.
[2026-09-08 14:15:21] REAL FILE ACTIVITY detected.
[2026-09-08 14:15:24] REAL FILE ACTIVITY detected.
[2026-09-08 14:15:26] REAL FILE ACTIVITY detected.
[2026-09-08 14:15:28] REAL FILE ACTIVITY detected.
[2026-09-08 14:15:31] REAL FILE ACTIVITY detected.
[2026-09-08 14:15:33] REAL FILE ACTIVITY detected.
[2026-09-08 14:15:36] REAL FILE ACTIVITY detected.
[2026-09-08 14:15:38] REAL FILE ACTIVITY detected.
[2026-09-08 14:15:41] REAL FILE ACTIVITY detected.
[2026-09-08 14:15:43] REAL FILE ACTIVITY detected.
[2026-09-08 14:15:46] REAL FILE ACTIVITY detected.
[2026-09-08 14:15:48] REAL FILE ACTIVITY detected.
[2026-09-08 14:15:51] REAL FILE ACTIVITY detected.
[2026-09-08 14:15:53] REAL FILE ACTIVITY detected.
[2026-09-08 14:15:56] REAL FILE ACTIVITY detected.
[2026-09-08 14:15:59] REAL FILE ACTIVITY detected.
[2026-09-08 14:16:01] REAL FILE ACTIVITY detected.
[2026-09-08 14:16:04] REAL FILE ACTIVITY detected.
[2026-09-08 14:16:06] REAL FILE ACTIVITY detected.
[2026-09-08 14:16:06] Heartbeat: cycle=3, runtime=4.0m, idle=0.0m
[2026-09-08 14:16:10] REAL FILE ACTIVITY detected.
[2026-09-08 14:16:12] REAL FILE ACTIVITY detected.
[2026-09-08 14:16:15] REAL FILE ACTIVITY detected.
[2026-09-08 14:16:18] REAL FILE ACTIVITY detected.
[2026-09-08 14:16:20] REAL FILE ACTIVITY detected.
[2026-09-08 14:16:24] REAL FILE ACTIVITY detected.
[2026-09-08 14:16:27] REAL FILE ACTIVITY detected.
[2026-09-08 14:16:29] REAL FILE ACTIVITY detected.
[2026-09-08 14:16:32] REAL FILE ACTIVITY detected.
[2026-09-08 14:16:34] REAL FILE ACTIVITY detected.
[2026-09-08 14:17:05] Heartbeat: cycle=3, runtime=5.0m, idle=0.5m
[2026-09-08 14:17:10] REAL FILE ACTIVITY detected.
[2026-09-08 14:17:18] Agent output activity: 1389 bytes
[2026-09-08 14:17:21] Agent exited: code=0, duration=316.2s
[2026-09-08 14:17:21] CYCLE 3 RESULT: SUCCESS
[2026-09-08 14:17:21] Checkpoint: AutoLab cycle 3
[2026-09-08 14:17:21] Restarting in 5s
[2026-09-08 14:17:26] ----------------------------------------
[2026-09-08 14:17:26] CYCLE 4
[2026-09-08 14:17:26] Remaining: 23.59h
[2026-09-08 14:17:26] Launching Agent cycle 4
[2026-09-08 14:17:26] Output: C:\Users\lauve\Desktop\vd\autolab\results\session_logs\20260908_135239\agent_004.log
[2026-09-08 14:17:26] Prompt file: C:\Users\lauve\Desktop\vd\autolab\results\session_logs\20260908_135239\prompt_004.txt
[2026-09-08 14:17:26] Agent binary: C:\Users\lauve\AppData\Local\cursor-agent\versions\2026.09.02-c22c1a3\node.exe C:\Users\lauve\AppData\Local\cursor-agent\versions\2026.09.02-c22c1a3\index.js
[2026-09-08 14:17:26] Agent PID: 5720
[2026-09-08 14:17:27] Heartbeat: cycle=4, runtime=0.0m, idle=0.0m
[2026-09-08 14:17:54] REAL FILE ACTIVITY detected.
[2026-09-08 14:18:01] REAL FILE ACTIVITY detected.
[2026-09-08 14:18:25] REAL FILE ACTIVITY detected.
[2026-09-08 14:18:27] REAL FILE ACTIVITY detected.
[2026-09-08 14:18:27] Heartbeat: cycle=4, runtime=1.0m, idle=0.0m
[2026-09-08 14:18:45] REAL FILE ACTIVITY detected.
[2026-09-08 14:18:56] REAL FILE ACTIVITY detected.
[2026-09-08 14:19:25] REAL FILE ACTIVITY detected.
[2026-09-08 14:19:27] Heartbeat: cycle=4, runtime=2.0m, idle=0.0m
[2026-09-08 14:19:34] REAL FILE ACTIVITY detected.
[2026-09-08 14:19:40] REAL FILE ACTIVITY detected.
[2026-09-08 14:19:50] REAL FILE ACTIVITY detected.
[2026-09-08 14:19:52] REAL FILE ACTIVITY detected.
[2026-09-08 14:19:55] REAL FILE ACTIVITY detected.
[2026-09-08 14:19:57] REAL FILE ACTIVITY detected.
[2026-09-08 14:20:00] REAL FILE ACTIVITY detected.
[2026-09-08 14:20:02] REAL FILE ACTIVITY detected.
[2026-09-08 14:20:05] REAL FILE ACTIVITY detected.
[2026-09-08 14:20:07] REAL FILE ACTIVITY detected.
[2026-09-08 14:20:10] REAL FILE ACTIVITY detected.
[2026-09-08 14:20:12] REAL FILE ACTIVITY detected.
[2026-09-08 14:20:14] REAL FILE ACTIVITY detected.
[2026-09-08 14:20:17] REAL FILE ACTIVITY detected.
[2026-09-08 14:20:20] REAL FILE ACTIVITY detected.
[2026-09-08 14:20:23] REAL FILE ACTIVITY detected.
[2026-09-08 14:20:25] REAL FILE ACTIVITY detected.
[2026-09-08 14:20:28] REAL FILE ACTIVITY detected.
[2026-09-08 14:20:28] Heartbeat: cycle=4, runtime=3.0m, idle=0.0m
[2026-09-08 14:20:31] REAL FILE ACTIVITY detected.
[2026-09-08 14:20:34] REAL FILE ACTIVITY detected.
[2026-09-08 14:20:36] REAL FILE ACTIVITY detected.
[2026-09-08 14:20:39] REAL FILE ACTIVITY detected.
[2026-09-08 14:20:42] REAL FILE ACTIVITY detected.
[2026-09-08 14:20:45] REAL FILE ACTIVITY detected.
[2026-09-08 14:20:48] REAL FILE ACTIVITY detected.
[2026-09-08 14:20:51] REAL FILE ACTIVITY detected.
[2026-09-08 14:20:54] REAL FILE ACTIVITY detected.
[2026-09-08 14:20:56] REAL FILE ACTIVITY detected.
[2026-09-08 14:20:59] REAL FILE ACTIVITY detected.
[2026-09-08 14:21:01] REAL FILE ACTIVITY detected.
[2026-09-08 14:21:04] REAL FILE ACTIVITY detected.
[2026-09-08 14:21:07] REAL FILE ACTIVITY detected.
[2026-09-08 14:21:09] REAL FILE ACTIVITY detected.
[2026-09-08 14:21:12] REAL FILE ACTIVITY detected.
[2026-09-08 14:21:14] REAL FILE ACTIVITY detected.
[2026-09-08 14:21:17] REAL FILE ACTIVITY detected.
[2026-09-08 14:21:19] REAL FILE ACTIVITY detected.
[2026-09-08 14:21:22] REAL FILE ACTIVITY detected.
[2026-09-08 14:21:24] REAL FILE ACTIVITY detected.
[2026-09-08 14:21:27] REAL FILE ACTIVITY detected.
[2026-09-08 14:21:27] Heartbeat: cycle=4, runtime=4.0m, idle=0.0m
[2026-09-08 14:21:29] REAL FILE ACTIVITY detected.
[2026-09-08 14:21:33] REAL FILE ACTIVITY detected.
[2026-09-08 14:21:36] REAL FILE ACTIVITY detected.
[2026-09-08 14:21:39] REAL FILE ACTIVITY detected.
[2026-09-08 14:21:42] REAL FILE ACTIVITY detected.
[2026-09-08 14:21:45] REAL FILE ACTIVITY detected.
[2026-09-08 14:21:47] REAL FILE ACTIVITY detected.
[2026-09-08 14:21:50] REAL FILE ACTIVITY detected.
[2026-09-08 14:21:53] REAL FILE ACTIVITY detected.
[2026-09-08 14:21:56] REAL FILE ACTIVITY detected.
[2026-09-08 14:21:59] REAL FILE ACTIVITY detected.
[2026-09-08 14:22:02] REAL FILE ACTIVITY detected.
[2026-09-08 14:22:05] REAL FILE ACTIVITY detected.
[2026-09-08 14:22:08] REAL FILE ACTIVITY detected.
[2026-09-08 14:22:10] REAL FILE ACTIVITY detected.
[2026-09-08 14:22:12] REAL FILE ACTIVITY detected.
[2026-09-08 14:22:14] REAL FILE ACTIVITY detected.
[2026-09-08 14:22:17] REAL FILE ACTIVITY detected.
[2026-09-08 14:22:19] REAL FILE ACTIVITY detected.
[2026-09-08 14:22:21] REAL FILE ACTIVITY detected.
[2026-09-08 14:22:23] REAL FILE ACTIVITY detected.
[2026-09-08 14:22:26] REAL FILE ACTIVITY detected.
[2026-09-08 14:22:28] REAL FILE ACTIVITY detected.
[2026-09-08 14:22:28] Heartbeat: cycle=4, runtime=5.0m, idle=0.0m
[2026-09-08 14:22:30] REAL FILE ACTIVITY detected.
[2026-09-08 14:22:32] REAL FILE ACTIVITY detected.
[2026-09-08 14:22:35] REAL FILE ACTIVITY detected.
[2026-09-08 14:22:37] REAL FILE ACTIVITY detected.
[2026-09-08 14:22:39] REAL FILE ACTIVITY detected.
[2026-09-08 14:22:41] REAL FILE ACTIVITY detected.
[2026-09-08 14:22:43] REAL FILE ACTIVITY detected.
[2026-09-08 14:22:46] REAL FILE ACTIVITY detected.
[2026-09-08 14:22:48] REAL FILE ACTIVITY detected.
[2026-09-08 14:22:50] REAL FILE ACTIVITY detected.
[2026-09-08 14:22:52] REAL FILE ACTIVITY detected.
[2026-09-08 14:22:55] REAL FILE ACTIVITY detected.
[2026-09-08 14:22:57] REAL FILE ACTIVITY detected.
[2026-09-08 14:22:59] Agent output activity: 1337 bytes
[2026-09-08 14:22:59] REAL FILE ACTIVITY detected.
[2026-09-08 14:22:59] Agent exited: code=0, duration=332.6s
[2026-09-08 14:22:59] CYCLE 4 RESULT: SUCCESS
