[2026-09-07 02:29:42] Supervisor started. Deadline in 6.00h. Agent=C:\Users\lauve\AppData\Local\cursor-agent\agent.CMD
[2026-09-07 02:29:50] Supervisor started. Deadline in 6.00h. Agent=C:\Users\lauve\AppData\Local\cursor-agent\agent.CMD
[2026-09-07 02:29:50] Launching agent session #1 -> C:\Users\lauve\Desktop\vd\autolab\results\session_logs\agent_iter_001.log
[2026-09-07 02:29:50] Agent session #1 exited with code 1
[2026-09-07 02:29:50] Relaunching in 60s (6.00h left)...
[2026-09-07 02:30:29] Supervisor started. Deadline in 6.00h. Agent=C:\Users\lauve\AppData\Local\cursor-agent\agent.CMD
[2026-09-07 02:30:29] Launching agent session #1 -> C:\Users\lauve\Desktop\vd\autolab\results\session_logs\agent_iter_001.log
[2026-09-07 02:30:50] Launching agent session #2 -> C:\Users\lauve\Desktop\vd\autolab\results\session_logs\agent_iter_002.log
[2026-09-07 02:30:50] Agent session #2 exited with code 1
[2026-09-07 02:30:50] Relaunching in 60s (5.98h left)...
[2026-09-07 02:31:50] Launching agent session #3 -> C:\Users\lauve\Desktop\vd\autolab\results\session_logs\agent_iter_003.log
[2026-09-07 02:31:50] Agent session #3 exited with code 1
[2026-09-07 02:31:50] Relaunching in 60s (5.97h left)...
[2026-09-07 02:32:50] Launching agent session #4 -> C:\Users\lauve\Desktop\vd\autolab\results\session_logs\agent_iter_004.log
[2026-09-07 02:32:50] Agent session #4 exited with code 1
[2026-09-07 02:32:50] Relaunching in 60s (5.95h left)...
=== CLEAN START 2026-09-07T02:33:48.9224763+01:00 ===
[2026-09-07 02:33:50] Supervisor started. Deadline in 6.00h. Agent=C:\Users\lauve\AppData\Local\cursor-agent\agent.CMD
[2026-09-07 02:33:50] Launching agent session #1 -> C:\Users\lauve\Desktop\vd\autolab\results\session_logs\agent_iter_001.log
[2026-09-07 02:37:34] Supervisor started. Deadline in 6.00h. Agent=C:\Users\lauve\AppData\Local\cursor-agent\agent.CMD
[2026-09-07 02:37:34] Launching agent session #1 -> C:\Users\lauve\Desktop\vd\autolab\results\session_logs\agent_iter_001.log
