[2026-09-07 02:49:02] ========================================
[2026-09-07 02:49:02] AUTOLAB SUPERVISOR
[2026-09-07 02:49:02] Duration: 0.05 hours
[2026-09-07 02:49:02] Deadline: 2026-09-07 02:52:02.971521
[2026-09-07 02:49:02] Session dir: C:\Users\lauve\Desktop\vd\autolab\results\session_logs\20260907_024902
[2026-09-07 02:49:02] ========================================
[2026-09-07 02:49:03] Checkpoint: AutoLab before autonomous session
[2026-09-07 02:49:03] ----------------------------------------
[2026-09-07 02:49:03] CYCLE 1
[2026-09-07 02:49:03] Remaining: 0.05h
[2026-09-07 02:49:03] Launching Agent cycle 1
[2026-09-07 02:49:03] Output: C:\Users\lauve\Desktop\vd\autolab\results\session_logs\20260907_024902\agent_001.log
[2026-09-07 02:49:03] Prompt file: C:\Users\lauve\Desktop\vd\autolab\results\session_logs\20260907_024902\prompt_001.txt
[2026-09-07 02:49:03] Agent binary: C:\Users\lauve\AppData\Local\cursor-agent\versions\2026.09.02-c22c1a3\node.exe C:\Users\lauve\AppData\Local\cursor-agent\versions\2026.09.02-c22c1a3\index.js
[2026-09-07 02:49:03] Agent PID: 4076
[2026-09-07 02:49:03] Heartbeat: cycle=1, runtime=0.0m, idle=0.0m
[2026-09-07 02:50:03] Heartbeat: cycle=1, runtime=1.0m, idle=1.0m
[2026-09-07 02:50:55] REAL FILE ACTIVITY detected.
[2026-09-07 02:51:03] Heartbeat: cycle=1, runtime=2.0m, idle=0.1m
[2026-09-07 02:51:07] REAL FILE ACTIVITY detected.
[2026-09-07 02:51:16] REAL FILE ACTIVITY detected.
[2026-09-07 02:51:18] REAL FILE ACTIVITY detected.
[2026-09-07 02:51:24] REAL FILE ACTIVITY detected.
[2026-09-07 02:51:30] REAL FILE ACTIVITY detected.
[2026-09-07 02:51:33] REAL FILE ACTIVITY detected.
[2026-09-07 02:51:35] REAL FILE ACTIVITY detected.
[2026-09-07 02:51:37] REAL FILE ACTIVITY detected.
[2026-09-07 02:51:39] REAL FILE ACTIVITY detected.
[2026-09-07 02:51:41] REAL FILE ACTIVITY detected.
[2026-09-07 02:51:43] REAL FILE ACTIVITY detected.
[2026-09-07 02:51:45] REAL FILE ACTIVITY detected.
[2026-09-07 02:51:47] REAL FILE ACTIVITY detected.
[2026-09-07 02:51:50] REAL FILE ACTIVITY detected.
[2026-09-07 02:51:52] REAL FILE ACTIVITY detected.
[2026-09-07 02:51:54] REAL FILE ACTIVITY detected.
[2026-09-07 02:51:56] REAL FILE ACTIVITY detected.
[2026-09-07 02:51:58] REAL FILE ACTIVITY detected.
[2026-09-07 02:52:01] REAL FILE ACTIVITY detected.
[2026-09-07 02:52:03] Session deadline reached.
[2026-09-07 02:52:03] CYCLE 1 RESULT: SESSION_DEADLINE
